node -e "console.error('This is an error'); process.exit(1)"


 time: 0s
= time: 0s =

