node -e "console.log('Hello World')"

= time: 0s =

Hello World
