node -e "setTimeout(() => { console.log('Done sleeping'); process.exit(0); }, 3000)"

= time: 3s status: 0 =

Done sleeping
